// Vitest Snapshot v1, https://vitest.dev/guide/snapshot.html

exports[`EmpleadosView page > should render 1`] = `""`;
